// Vitest Snapshot v1, https://vitest.dev/guide/snapshot.html

exports[`LoadSequence > should match snapshot 1`] = `
<div
  class="p-8"
>
  <div
    class="flex flex-col"
  >
    <div
      class="flex items-center"
    >
      <span
        class="animate-pulse"
      >
        â–ˆ
      </span>
    </div>
  </div>
</div>
`;
