// Vitest Snapshot v1, https://vitest.dev/guide/snapshot.html

exports[`RootPage > should match snapshot 1`] = `
<div
  data-testid="load-sequence"
>
  LoadSequence Component
</div>
`;
